// Jest Snapshot v1, https://goo.gl/fbAQLP

exports[`ScenarioLoaderList matches snapshot 1`] = `<DocumentFragment />`;
