// Jest Snapshot v1, https://goo.gl/fbAQLP

exports[`model evolve produces correct output for 10 days 1`] = `
Object {
  "cumulative": Object {
    "critical": Array [
      0.00015005372705383408,
      0.0008506892341930627,
      0.0021177684567038613,
      0.00559392437257514,
      0.01905877766509949,
      0.8936675999824387,
      0.17520168134108233,
      0.32388738083666285,
      0.4333053724820115,
    ],
    "fatality": Array [
      0.000005855780874011659,
      0.00003318539568063428,
      0.00008261285841225422,
      0.0002181311394088932,
      0.0007429048938072222,
      0.08574427963618078,
      0.009098964569566879,
      0.021023080288393267,
      0.028111662191448245,
    ],
    "hospitalized": Array [
      0.007342329067004579,
      0.02078362465094221,
      0.05174121768589167,
      0.09098789438798459,
      0.23217603053544247,
      5.198366367650271,
      1.2162060778853079,
      1.747627559563882,
      1.9089994063914641,
    ],
    "recovered": Array [
      14.680166825756176,
      13.8426223457516,
      17.214391260388332,
      20.160243096608745,
      19.19206162474516,
      205.41729113830792,
      15.325249511647478,
      11.13128879167691,
      6.081520796659675,
    ],
  },
  "current": Object {
    "critical": Array [
      0.00013053445747379522,
      0.0007400712485909485,
      0.0018423922619963471,
      0.004866820574545497,
      0.016582428019075418,
      0.6793069008919869,
      0.15245426991716512,
      0.28184122025987635,
      0.377082048099115,
    ],
    "exposed": Array [
      Array [
        12.816223042411764,
        11.278489725191848,
        9.746061586863314,
      ],
      Array [
        12.092218266094509,
        10.641463772963286,
        9.195682995980047,
      ],
      Array [
        15.054347736576897,
        13.247735731770748,
        11.447453560631008,
      ],
      Array [
        17.650623729664932,
        15.532106278547818,
        13.421107284144147,
      ],
      Array [
        16.889391757402283,
        14.862325445796866,
        12.842429084864401,
      ],
      Array [
        19.10314948411867,
        17.564151335495165,
        17.511417881619973,
      ],
      Array [
        14.153834703622017,
        12.455406466720511,
        10.76289579200581,
      ],
      Array [
        10.893245817370547,
        9.58653072441457,
        8.284240435900308,
      ],
      Array [
        6.659615050891269,
        5.86151017397166,
        5.065891867224739,
      ],
    ],
    "infectious": Array [
      12.304573180028237,
      11.609857626420343,
      14.452155746899447,
      16.94340079507668,
      16.21296405165562,
      40.96009343265328,
      13.588072482970482,
      10.45938896140302,
      6.397027444029205,
    ],
    "overflow": Array [
      0,
      0,
      0,
      0,
      0,
      0,
      0,
      0,
      0,
    ],
    "severe": Array [
      0.0043549180146339244,
      0.01235416489893306,
      0.03075629645514832,
      0.05420403789610441,
      0.13861558696216186,
      1.7523123871747872,
      0.7292782923365659,
      1.048900904659691,
      1.1492831186156185,
    ],
    "susceptible": Array [
      19878.169994331496,
      18753.605027571248,
      23354.551234662158,
      27387.23322982635,
      26204.844887115654,
      29451.926533160105,
      21955.823709516215,
      16891.29354006403,
      10315.379957838317,
    ],
  },
  "time": 1583913600000,
}
`;

exports[`model getPopulationParams calculates correct params 1`] = `
Array [
  Object {
    "ICUBeds": 80,
    "ageDistribution": Object {
      "0-9": 0.10225114395521838,
      "10-19": 0.0964647560575147,
      "20-29": 0.12013546056661978,
      "30-39": 0.14087582334618426,
      "40-49": 0.13479387083572222,
      "50-59": 0.15259164409491252,
      "60-69": 0.11293803472872646,
      "70-79": 0.08688929452955889,
      "80+": 0.053059971885542775,
    },
    "frac": Object {
      "critical": Array [
        0.000025,
        0.00015000000000000001,
        0.00030000000000000003,
        0.0006749999999999999,
        0.0024000000000000002,
        0.00625,
        0.02625,
        0.063,
        0.1375,
      ],
      "fatal": Array [
        0.0000075,
        0.000045,
        0.00009,
        0.00020249999999999996,
        0.00072,
        0.0025000000000000005,
        0.0105,
        0.0315,
        0.06875,
      ],
      "isolated": Array [
        0,
        0,
        0,
        0,
        0,
        0,
        0,
        0,
        0,
      ],
      "severe": Array [
        0.0005,
        0.0015,
        0.003,
        0.0045,
        0.012,
        0.025,
        0.075,
        0.13999999999999999,
        0.25,
      ],
    },
    "hospitalBeds": 698,
    "importsPerDay": Array [
      0.011111111111111112,
      0.011111111111111112,
      0.011111111111111112,
      0.011111111111111112,
      0.011111111111111112,
      0.011111111111111112,
      0.011111111111111112,
      0.011111111111111112,
      0.011111111111111112,
    ],
    "numberStochasticRuns": 0,
    "populationServed": 195000,
    "rate": Object {
      "critical": Array [
        0.0125,
        0.025,
        0.025,
        0.0375,
        0.05,
        0.0625,
        0.0875,
        0.1125,
        0.1375,
      ],
      "discharge": Array [
        0.2375,
        0.225,
        0.225,
        0.2125,
        0.2,
        0.1875,
        0.1625,
        0.1375,
        0.11249999999999999,
      ],
      "fatality": Array [
        0.02142857142857143,
        0.02142857142857143,
        0.02142857142857143,
        0.02142857142857143,
        0.02142857142857143,
        0.028571428571428574,
        0.028571428571428574,
        0.03571428571428571,
        0.03571428571428571,
      ],
      "infection": [Function],
      "latency": 0.2,
      "overflowFatality": Array [
        0.04285714285714286,
        0.04285714285714286,
        0.04285714285714286,
        0.04285714285714286,
        0.04285714285714286,
        0.05714285714285715,
        0.05714285714285715,
        0.07142857142857142,
        0.07142857142857142,
      ],
      "recovery": Array [
        0.33316666666666667,
        0.33283333333333337,
        0.3323333333333333,
        0.33183333333333337,
        0.3293333333333333,
        0.325,
        0.30833333333333335,
        0.2866666666666667,
        0.25,
      ],
      "severe": Array [
        0.00016666666666666666,
        0.0005,
        0.001,
        0.0014999999999999998,
        0.004,
        0.008333333333333333,
        0.024999999999999998,
        0.04666666666666666,
        0.08333333333333333,
      ],
      "stabilize": Array [
        0.049999999999999996,
        0.049999999999999996,
        0.049999999999999996,
        0.049999999999999996,
        0.049999999999999996,
        0.04285714285714286,
        0.04285714285714286,
        0.03571428571428571,
        0.03571428571428571,
      ],
    },
    "timeDelta": 0,
    "timeDeltaDays": 0,
  },
  Object {
    "ICUBeds": 80,
    "ageDistribution": Object {
      "0-9": 0.10225114395521838,
      "10-19": 0.0964647560575147,
      "20-29": 0.12013546056661978,
      "30-39": 0.14087582334618426,
      "40-49": 0.13479387083572222,
      "50-59": 0.15259164409491252,
      "60-69": 0.11293803472872646,
      "70-79": 0.08688929452955889,
      "80+": 0.053059971885542775,
    },
    "frac": Object {
      "critical": Array [
        0.000025,
        0.00015000000000000001,
        0.00030000000000000003,
        0.0006749999999999999,
        0.0024000000000000002,
        0.00625,
        0.02625,
        0.063,
        0.1375,
      ],
      "fatal": Array [
        0.0000075,
        0.000045,
        0.00009,
        0.00020249999999999996,
        0.00072,
        0.0025000000000000005,
        0.0105,
        0.0315,
        0.06875,
      ],
      "isolated": Array [
        0,
        0,
        0,
        0,
        0,
        0,
        0,
        0,
        0,
      ],
      "severe": Array [
        0.0005,
        0.0015,
        0.003,
        0.0045,
        0.012,
        0.025,
        0.075,
        0.13999999999999999,
        0.25,
      ],
    },
    "hospitalBeds": 698,
    "importsPerDay": Array [
      0.011111111111111112,
      0.011111111111111112,
      0.011111111111111112,
      0.011111111111111112,
      0.011111111111111112,
      0.011111111111111112,
      0.011111111111111112,
      0.011111111111111112,
      0.011111111111111112,
    ],
    "numberStochasticRuns": 0,
    "populationServed": 195000,
    "rate": Object {
      "critical": Array [
        0.0125,
        0.025,
        0.025,
        0.0375,
        0.05,
        0.0625,
        0.0875,
        0.1125,
        0.1375,
      ],
      "discharge": Array [
        0.2375,
        0.225,
        0.225,
        0.2125,
        0.2,
        0.1875,
        0.1625,
        0.1375,
        0.11249999999999999,
      ],
      "fatality": Array [
        0.02142857142857143,
        0.02142857142857143,
        0.02142857142857143,
        0.02142857142857143,
        0.02142857142857143,
        0.028571428571428574,
        0.028571428571428574,
        0.03571428571428571,
        0.03571428571428571,
      ],
      "infection": [Function],
      "latency": 0.2,
      "overflowFatality": Array [
        0.04285714285714286,
        0.04285714285714286,
        0.04285714285714286,
        0.04285714285714286,
        0.04285714285714286,
        0.05714285714285715,
        0.05714285714285715,
        0.07142857142857142,
        0.07142857142857142,
      ],
      "recovery": Array [
        0.33316666666666667,
        0.33283333333333337,
        0.3323333333333333,
        0.33183333333333337,
        0.3293333333333333,
        0.325,
        0.30833333333333335,
        0.2866666666666667,
        0.25,
      ],
      "severe": Array [
        0.00016666666666666666,
        0.0005,
        0.001,
        0.0014999999999999998,
        0.004,
        0.008333333333333333,
        0.024999999999999998,
        0.04666666666666666,
        0.08333333333333333,
      ],
      "stabilize": Array [
        0.049999999999999996,
        0.049999999999999996,
        0.049999999999999996,
        0.049999999999999996,
        0.049999999999999996,
        0.04285714285714286,
        0.04285714285714286,
        0.03571428571428571,
        0.03571428571428571,
      ],
    },
    "timeDelta": 0,
    "timeDeltaDays": 0,
  },
  Object {
    "ICUBeds": 80,
    "ageDistribution": Object {
      "0-9": 0.10225114395521838,
      "10-19": 0.0964647560575147,
      "20-29": 0.12013546056661978,
      "30-39": 0.14087582334618426,
      "40-49": 0.13479387083572222,
      "50-59": 0.15259164409491252,
      "60-69": 0.11293803472872646,
      "70-79": 0.08688929452955889,
      "80+": 0.053059971885542775,
    },
    "frac": Object {
      "critical": Array [
        0.000025,
        0.00015000000000000001,
        0.00030000000000000003,
        0.0006749999999999999,
        0.0024000000000000002,
        0.00625,
        0.02625,
        0.063,
        0.1375,
      ],
      "fatal": Array [
        0.0000075,
        0.000045,
        0.00009,
        0.00020249999999999996,
        0.00072,
        0.0025000000000000005,
        0.0105,
        0.0315,
        0.06875,
      ],
      "isolated": Array [
        0,
        0,
        0,
        0,
        0,
        0,
        0,
        0,
        0,
      ],
      "severe": Array [
        0.0005,
        0.0015,
        0.003,
        0.0045,
        0.012,
        0.025,
        0.075,
        0.13999999999999999,
        0.25,
      ],
    },
    "hospitalBeds": 698,
    "importsPerDay": Array [
      0.011111111111111112,
      0.011111111111111112,
      0.011111111111111112,
      0.011111111111111112,
      0.011111111111111112,
      0.011111111111111112,
      0.011111111111111112,
      0.011111111111111112,
      0.011111111111111112,
    ],
    "numberStochasticRuns": 0,
    "populationServed": 195000,
    "rate": Object {
      "critical": Array [
        0.0125,
        0.025,
        0.025,
        0.0375,
        0.05,
        0.0625,
        0.0875,
        0.1125,
        0.1375,
      ],
      "discharge": Array [
        0.2375,
        0.225,
        0.225,
        0.2125,
        0.2,
        0.1875,
        0.1625,
        0.1375,
        0.11249999999999999,
      ],
      "fatality": Array [
        0.02142857142857143,
        0.02142857142857143,
        0.02142857142857143,
        0.02142857142857143,
        0.02142857142857143,
        0.028571428571428574,
        0.028571428571428574,
        0.03571428571428571,
        0.03571428571428571,
      ],
      "infection": [Function],
      "latency": 0.2,
      "overflowFatality": Array [
        0.04285714285714286,
        0.04285714285714286,
        0.04285714285714286,
        0.04285714285714286,
        0.04285714285714286,
        0.05714285714285715,
        0.05714285714285715,
        0.07142857142857142,
        0.07142857142857142,
      ],
      "recovery": Array [
        0.33316666666666667,
        0.33283333333333337,
        0.3323333333333333,
        0.33183333333333337,
        0.3293333333333333,
        0.325,
        0.30833333333333335,
        0.2866666666666667,
        0.25,
      ],
      "severe": Array [
        0.00016666666666666666,
        0.0005,
        0.001,
        0.0014999999999999998,
        0.004,
        0.008333333333333333,
        0.024999999999999998,
        0.04666666666666666,
        0.08333333333333333,
      ],
      "stabilize": Array [
        0.049999999999999996,
        0.049999999999999996,
        0.049999999999999996,
        0.049999999999999996,
        0.049999999999999996,
        0.04285714285714286,
        0.04285714285714286,
        0.03571428571428571,
        0.03571428571428571,
      ],
    },
    "timeDelta": 0,
    "timeDeltaDays": 0,
  },
  Object {
    "ICUBeds": 80,
    "ageDistribution": Object {
      "0-9": 0.10225114395521838,
      "10-19": 0.0964647560575147,
      "20-29": 0.12013546056661978,
      "30-39": 0.14087582334618426,
      "40-49": 0.13479387083572222,
      "50-59": 0.15259164409491252,
      "60-69": 0.11293803472872646,
      "70-79": 0.08688929452955889,
      "80+": 0.053059971885542775,
    },
    "frac": Object {
      "critical": Array [
        0.000025,
        0.00015000000000000001,
        0.00030000000000000003,
        0.0006749999999999999,
        0.0024000000000000002,
        0.00625,
        0.02625,
        0.063,
        0.1375,
      ],
      "fatal": Array [
        0.0000075,
        0.000045,
        0.00009,
        0.00020249999999999996,
        0.00072,
        0.0025000000000000005,
        0.0105,
        0.0315,
        0.06875,
      ],
      "isolated": Array [
        0,
        0,
        0,
        0,
        0,
        0,
        0,
        0,
        0,
      ],
      "severe": Array [
        0.0005,
        0.0015,
        0.003,
        0.0045,
        0.012,
        0.025,
        0.075,
        0.13999999999999999,
        0.25,
      ],
    },
    "hospitalBeds": 698,
    "importsPerDay": Array [
      0.011111111111111112,
      0.011111111111111112,
      0.011111111111111112,
      0.011111111111111112,
      0.011111111111111112,
      0.011111111111111112,
      0.011111111111111112,
      0.011111111111111112,
      0.011111111111111112,
    ],
    "numberStochasticRuns": 0,
    "populationServed": 195000,
    "rate": Object {
      "critical": Array [
        0.0125,
        0.025,
        0.025,
        0.0375,
        0.05,
        0.0625,
        0.0875,
        0.1125,
        0.1375,
      ],
      "discharge": Array [
        0.2375,
        0.225,
        0.225,
        0.2125,
        0.2,
        0.1875,
        0.1625,
        0.1375,
        0.11249999999999999,
      ],
      "fatality": Array [
        0.02142857142857143,
        0.02142857142857143,
        0.02142857142857143,
        0.02142857142857143,
        0.02142857142857143,
        0.028571428571428574,
        0.028571428571428574,
        0.03571428571428571,
        0.03571428571428571,
      ],
      "infection": [Function],
      "latency": 0.2,
      "overflowFatality": Array [
        0.04285714285714286,
        0.04285714285714286,
        0.04285714285714286,
        0.04285714285714286,
        0.04285714285714286,
        0.05714285714285715,
        0.05714285714285715,
        0.07142857142857142,
        0.07142857142857142,
      ],
      "recovery": Array [
        0.33316666666666667,
        0.33283333333333337,
        0.3323333333333333,
        0.33183333333333337,
        0.3293333333333333,
        0.325,
        0.30833333333333335,
        0.2866666666666667,
        0.25,
      ],
      "severe": Array [
        0.00016666666666666666,
        0.0005,
        0.001,
        0.0014999999999999998,
        0.004,
        0.008333333333333333,
        0.024999999999999998,
        0.04666666666666666,
        0.08333333333333333,
      ],
      "stabilize": Array [
        0.049999999999999996,
        0.049999999999999996,
        0.049999999999999996,
        0.049999999999999996,
        0.049999999999999996,
        0.04285714285714286,
        0.04285714285714286,
        0.03571428571428571,
        0.03571428571428571,
      ],
    },
    "timeDelta": 0,
    "timeDeltaDays": 0,
  },
  Object {
    "ICUBeds": 80,
    "ageDistribution": Object {
      "0-9": 0.10225114395521838,
      "10-19": 0.0964647560575147,
      "20-29": 0.12013546056661978,
      "30-39": 0.14087582334618426,
      "40-49": 0.13479387083572222,
      "50-59": 0.15259164409491252,
      "60-69": 0.11293803472872646,
      "70-79": 0.08688929452955889,
      "80+": 0.053059971885542775,
    },
    "frac": Object {
      "critical": Array [
        0.000025,
        0.00015000000000000001,
        0.00030000000000000003,
        0.0006749999999999999,
        0.0024000000000000002,
        0.00625,
        0.02625,
        0.063,
        0.1375,
      ],
      "fatal": Array [
        0.0000075,
        0.000045,
        0.00009,
        0.00020249999999999996,
        0.00072,
        0.0025000000000000005,
        0.0105,
        0.0315,
        0.06875,
      ],
      "isolated": Array [
        0,
        0,
        0,
        0,
        0,
        0,
        0,
        0,
        0,
      ],
      "severe": Array [
        0.0005,
        0.0015,
        0.003,
        0.0045,
        0.012,
        0.025,
        0.075,
        0.13999999999999999,
        0.25,
      ],
    },
    "hospitalBeds": 698,
    "importsPerDay": Array [
      0.011111111111111112,
      0.011111111111111112,
      0.011111111111111112,
      0.011111111111111112,
      0.011111111111111112,
      0.011111111111111112,
      0.011111111111111112,
      0.011111111111111112,
      0.011111111111111112,
    ],
    "numberStochasticRuns": 0,
    "populationServed": 195000,
    "rate": Object {
      "critical": Array [
        0.0125,
        0.025,
        0.025,
        0.0375,
        0.05,
        0.0625,
        0.0875,
        0.1125,
        0.1375,
      ],
      "discharge": Array [
        0.2375,
        0.225,
        0.225,
        0.2125,
        0.2,
        0.1875,
        0.1625,
        0.1375,
        0.11249999999999999,
      ],
      "fatality": Array [
        0.02142857142857143,
        0.02142857142857143,
        0.02142857142857143,
        0.02142857142857143,
        0.02142857142857143,
        0.028571428571428574,
        0.028571428571428574,
        0.03571428571428571,
        0.03571428571428571,
      ],
      "infection": [Function],
      "latency": 0.2,
      "overflowFatality": Array [
        0.04285714285714286,
        0.04285714285714286,
        0.04285714285714286,
        0.04285714285714286,
        0.04285714285714286,
        0.05714285714285715,
        0.05714285714285715,
        0.07142857142857142,
        0.07142857142857142,
      ],
      "recovery": Array [
        0.33316666666666667,
        0.33283333333333337,
        0.3323333333333333,
        0.33183333333333337,
        0.3293333333333333,
        0.325,
        0.30833333333333335,
        0.2866666666666667,
        0.25,
      ],
      "severe": Array [
        0.00016666666666666666,
        0.0005,
        0.001,
        0.0014999999999999998,
        0.004,
        0.008333333333333333,
        0.024999999999999998,
        0.04666666666666666,
        0.08333333333333333,
      ],
      "stabilize": Array [
        0.049999999999999996,
        0.049999999999999996,
        0.049999999999999996,
        0.049999999999999996,
        0.049999999999999996,
        0.04285714285714286,
        0.04285714285714286,
        0.03571428571428571,
        0.03571428571428571,
      ],
    },
    "timeDelta": 0,
    "timeDeltaDays": 0,
  },
  Object {
    "ICUBeds": 80,
    "ageDistribution": Object {
      "0-9": 0.10225114395521838,
      "10-19": 0.0964647560575147,
      "20-29": 0.12013546056661978,
      "30-39": 0.14087582334618426,
      "40-49": 0.13479387083572222,
      "50-59": 0.15259164409491252,
      "60-69": 0.11293803472872646,
      "70-79": 0.08688929452955889,
      "80+": 0.053059971885542775,
    },
    "frac": Object {
      "critical": Array [
        0.000025,
        0.00015000000000000001,
        0.00030000000000000003,
        0.0006749999999999999,
        0.0024000000000000002,
        0.00625,
        0.02625,
        0.063,
        0.1375,
      ],
      "fatal": Array [
        0.0000075,
        0.000045,
        0.00009,
        0.00020249999999999996,
        0.00072,
        0.0025000000000000005,
        0.0105,
        0.0315,
        0.06875,
      ],
      "isolated": Array [
        0,
        0,
        0,
        0,
        0,
        0,
        0,
        0,
        0,
      ],
      "severe": Array [
        0.0005,
        0.0015,
        0.003,
        0.0045,
        0.012,
        0.025,
        0.075,
        0.13999999999999999,
        0.25,
      ],
    },
    "hospitalBeds": 698,
    "importsPerDay": Array [
      0.011111111111111112,
      0.011111111111111112,
      0.011111111111111112,
      0.011111111111111112,
      0.011111111111111112,
      0.011111111111111112,
      0.011111111111111112,
      0.011111111111111112,
      0.011111111111111112,
    ],
    "numberStochasticRuns": 0,
    "populationServed": 195000,
    "rate": Object {
      "critical": Array [
        0.0125,
        0.025,
        0.025,
        0.0375,
        0.05,
        0.0625,
        0.0875,
        0.1125,
        0.1375,
      ],
      "discharge": Array [
        0.2375,
        0.225,
        0.225,
        0.2125,
        0.2,
        0.1875,
        0.1625,
        0.1375,
        0.11249999999999999,
      ],
      "fatality": Array [
        0.02142857142857143,
        0.02142857142857143,
        0.02142857142857143,
        0.02142857142857143,
        0.02142857142857143,
        0.028571428571428574,
        0.028571428571428574,
        0.03571428571428571,
        0.03571428571428571,
      ],
      "infection": [Function],
      "latency": 0.2,
      "overflowFatality": Array [
        0.04285714285714286,
        0.04285714285714286,
        0.04285714285714286,
        0.04285714285714286,
        0.04285714285714286,
        0.05714285714285715,
        0.05714285714285715,
        0.07142857142857142,
        0.07142857142857142,
      ],
      "recovery": Array [
        0.33316666666666667,
        0.33283333333333337,
        0.3323333333333333,
        0.33183333333333337,
        0.3293333333333333,
        0.325,
        0.30833333333333335,
        0.2866666666666667,
        0.25,
      ],
      "severe": Array [
        0.00016666666666666666,
        0.0005,
        0.001,
        0.0014999999999999998,
        0.004,
        0.008333333333333333,
        0.024999999999999998,
        0.04666666666666666,
        0.08333333333333333,
      ],
      "stabilize": Array [
        0.049999999999999996,
        0.049999999999999996,
        0.049999999999999996,
        0.049999999999999996,
        0.049999999999999996,
        0.04285714285714286,
        0.04285714285714286,
        0.03571428571428571,
        0.03571428571428571,
      ],
    },
    "timeDelta": 0,
    "timeDeltaDays": 0,
  },
  Object {
    "ICUBeds": 80,
    "ageDistribution": Object {
      "0-9": 0.10225114395521838,
      "10-19": 0.0964647560575147,
      "20-29": 0.12013546056661978,
      "30-39": 0.14087582334618426,
      "40-49": 0.13479387083572222,
      "50-59": 0.15259164409491252,
      "60-69": 0.11293803472872646,
      "70-79": 0.08688929452955889,
      "80+": 0.053059971885542775,
    },
    "frac": Object {
      "critical": Array [
        0.000025,
        0.00015000000000000001,
        0.00030000000000000003,
        0.0006749999999999999,
        0.0024000000000000002,
        0.00625,
        0.02625,
        0.063,
        0.1375,
      ],
      "fatal": Array [
        0.0000075,
        0.000045,
        0.00009,
        0.00020249999999999996,
        0.00072,
        0.0025000000000000005,
        0.0105,
        0.0315,
        0.06875,
      ],
      "isolated": Array [
        0,
        0,
        0,
        0,
        0,
        0,
        0,
        0,
        0,
      ],
      "severe": Array [
        0.0005,
        0.0015,
        0.003,
        0.0045,
        0.012,
        0.025,
        0.075,
        0.13999999999999999,
        0.25,
      ],
    },
    "hospitalBeds": 698,
    "importsPerDay": Array [
      0.011111111111111112,
      0.011111111111111112,
      0.011111111111111112,
      0.011111111111111112,
      0.011111111111111112,
      0.011111111111111112,
      0.011111111111111112,
      0.011111111111111112,
      0.011111111111111112,
    ],
    "numberStochasticRuns": 0,
    "populationServed": 195000,
    "rate": Object {
      "critical": Array [
        0.0125,
        0.025,
        0.025,
        0.0375,
        0.05,
        0.0625,
        0.0875,
        0.1125,
        0.1375,
      ],
      "discharge": Array [
        0.2375,
        0.225,
        0.225,
        0.2125,
        0.2,
        0.1875,
        0.1625,
        0.1375,
        0.11249999999999999,
      ],
      "fatality": Array [
        0.02142857142857143,
        0.02142857142857143,
        0.02142857142857143,
        0.02142857142857143,
        0.02142857142857143,
        0.028571428571428574,
        0.028571428571428574,
        0.03571428571428571,
        0.03571428571428571,
      ],
      "infection": [Function],
      "latency": 0.2,
      "overflowFatality": Array [
        0.04285714285714286,
        0.04285714285714286,
        0.04285714285714286,
        0.04285714285714286,
        0.04285714285714286,
        0.05714285714285715,
        0.05714285714285715,
        0.07142857142857142,
        0.07142857142857142,
      ],
      "recovery": Array [
        0.33316666666666667,
        0.33283333333333337,
        0.3323333333333333,
        0.33183333333333337,
        0.3293333333333333,
        0.325,
        0.30833333333333335,
        0.2866666666666667,
        0.25,
      ],
      "severe": Array [
        0.00016666666666666666,
        0.0005,
        0.001,
        0.0014999999999999998,
        0.004,
        0.008333333333333333,
        0.024999999999999998,
        0.04666666666666666,
        0.08333333333333333,
      ],
      "stabilize": Array [
        0.049999999999999996,
        0.049999999999999996,
        0.049999999999999996,
        0.049999999999999996,
        0.049999999999999996,
        0.04285714285714286,
        0.04285714285714286,
        0.03571428571428571,
        0.03571428571428571,
      ],
    },
    "timeDelta": 0,
    "timeDeltaDays": 0,
  },
  Object {
    "ICUBeds": 80,
    "ageDistribution": Object {
      "0-9": 0.10225114395521838,
      "10-19": 0.0964647560575147,
      "20-29": 0.12013546056661978,
      "30-39": 0.14087582334618426,
      "40-49": 0.13479387083572222,
      "50-59": 0.15259164409491252,
      "60-69": 0.11293803472872646,
      "70-79": 0.08688929452955889,
      "80+": 0.053059971885542775,
    },
    "frac": Object {
      "critical": Array [
        0.000025,
        0.00015000000000000001,
        0.00030000000000000003,
        0.0006749999999999999,
        0.0024000000000000002,
        0.00625,
        0.02625,
        0.063,
        0.1375,
      ],
      "fatal": Array [
        0.0000075,
        0.000045,
        0.00009,
        0.00020249999999999996,
        0.00072,
        0.0025000000000000005,
        0.0105,
        0.0315,
        0.06875,
      ],
      "isolated": Array [
        0,
        0,
        0,
        0,
        0,
        0,
        0,
        0,
        0,
      ],
      "severe": Array [
        0.0005,
        0.0015,
        0.003,
        0.0045,
        0.012,
        0.025,
        0.075,
        0.13999999999999999,
        0.25,
      ],
    },
    "hospitalBeds": 698,
    "importsPerDay": Array [
      0.011111111111111112,
      0.011111111111111112,
      0.011111111111111112,
      0.011111111111111112,
      0.011111111111111112,
      0.011111111111111112,
      0.011111111111111112,
      0.011111111111111112,
      0.011111111111111112,
    ],
    "numberStochasticRuns": 0,
    "populationServed": 195000,
    "rate": Object {
      "critical": Array [
        0.0125,
        0.025,
        0.025,
        0.0375,
        0.05,
        0.0625,
        0.0875,
        0.1125,
        0.1375,
      ],
      "discharge": Array [
        0.2375,
        0.225,
        0.225,
        0.2125,
        0.2,
        0.1875,
        0.1625,
        0.1375,
        0.11249999999999999,
      ],
      "fatality": Array [
        0.02142857142857143,
        0.02142857142857143,
        0.02142857142857143,
        0.02142857142857143,
        0.02142857142857143,
        0.028571428571428574,
        0.028571428571428574,
        0.03571428571428571,
        0.03571428571428571,
      ],
      "infection": [Function],
      "latency": 0.2,
      "overflowFatality": Array [
        0.04285714285714286,
        0.04285714285714286,
        0.04285714285714286,
        0.04285714285714286,
        0.04285714285714286,
        0.05714285714285715,
        0.05714285714285715,
        0.07142857142857142,
        0.07142857142857142,
      ],
      "recovery": Array [
        0.33316666666666667,
        0.33283333333333337,
        0.3323333333333333,
        0.33183333333333337,
        0.3293333333333333,
        0.325,
        0.30833333333333335,
        0.2866666666666667,
        0.25,
      ],
      "severe": Array [
        0.00016666666666666666,
        0.0005,
        0.001,
        0.0014999999999999998,
        0.004,
        0.008333333333333333,
        0.024999999999999998,
        0.04666666666666666,
        0.08333333333333333,
      ],
      "stabilize": Array [
        0.049999999999999996,
        0.049999999999999996,
        0.049999999999999996,
        0.049999999999999996,
        0.049999999999999996,
        0.04285714285714286,
        0.04285714285714286,
        0.03571428571428571,
        0.03571428571428571,
      ],
    },
    "timeDelta": 0,
    "timeDeltaDays": 0,
  },
  Object {
    "ICUBeds": 80,
    "ageDistribution": Object {
      "0-9": 0.10225114395521838,
      "10-19": 0.0964647560575147,
      "20-29": 0.12013546056661978,
      "30-39": 0.14087582334618426,
      "40-49": 0.13479387083572222,
      "50-59": 0.15259164409491252,
      "60-69": 0.11293803472872646,
      "70-79": 0.08688929452955889,
      "80+": 0.053059971885542775,
    },
    "frac": Object {
      "critical": Array [
        0.000025,
        0.00015000000000000001,
        0.00030000000000000003,
        0.0006749999999999999,
        0.0024000000000000002,
        0.00625,
        0.02625,
        0.063,
        0.1375,
      ],
      "fatal": Array [
        0.0000075,
        0.000045,
        0.00009,
        0.00020249999999999996,
        0.00072,
        0.0025000000000000005,
        0.0105,
        0.0315,
        0.06875,
      ],
      "isolated": Array [
        0,
        0,
        0,
        0,
        0,
        0,
        0,
        0,
        0,
      ],
      "severe": Array [
        0.0005,
        0.0015,
        0.003,
        0.0045,
        0.012,
        0.025,
        0.075,
        0.13999999999999999,
        0.25,
      ],
    },
    "hospitalBeds": 698,
    "importsPerDay": Array [
      0.011111111111111112,
      0.011111111111111112,
      0.011111111111111112,
      0.011111111111111112,
      0.011111111111111112,
      0.011111111111111112,
      0.011111111111111112,
      0.011111111111111112,
      0.011111111111111112,
    ],
    "numberStochasticRuns": 0,
    "populationServed": 195000,
    "rate": Object {
      "critical": Array [
        0.0125,
        0.025,
        0.025,
        0.0375,
        0.05,
        0.0625,
        0.0875,
        0.1125,
        0.1375,
      ],
      "discharge": Array [
        0.2375,
        0.225,
        0.225,
        0.2125,
        0.2,
        0.1875,
        0.1625,
        0.1375,
        0.11249999999999999,
      ],
      "fatality": Array [
        0.02142857142857143,
        0.02142857142857143,
        0.02142857142857143,
        0.02142857142857143,
        0.02142857142857143,
        0.028571428571428574,
        0.028571428571428574,
        0.03571428571428571,
        0.03571428571428571,
      ],
      "infection": [Function],
      "latency": 0.2,
      "overflowFatality": Array [
        0.04285714285714286,
        0.04285714285714286,
        0.04285714285714286,
        0.04285714285714286,
        0.04285714285714286,
        0.05714285714285715,
        0.05714285714285715,
        0.07142857142857142,
        0.07142857142857142,
      ],
      "recovery": Array [
        0.33316666666666667,
        0.33283333333333337,
        0.3323333333333333,
        0.33183333333333337,
        0.3293333333333333,
        0.325,
        0.30833333333333335,
        0.2866666666666667,
        0.25,
      ],
      "severe": Array [
        0.00016666666666666666,
        0.0005,
        0.001,
        0.0014999999999999998,
        0.004,
        0.008333333333333333,
        0.024999999999999998,
        0.04666666666666666,
        0.08333333333333333,
      ],
      "stabilize": Array [
        0.049999999999999996,
        0.049999999999999996,
        0.049999999999999996,
        0.049999999999999996,
        0.049999999999999996,
        0.04285714285714286,
        0.04285714285714286,
        0.03571428571428571,
        0.03571428571428571,
      ],
    },
    "timeDelta": 0,
    "timeDeltaDays": 0,
  },
  Object {
    "ICUBeds": 80,
    "ageDistribution": Object {
      "0-9": 0.10225114395521838,
      "10-19": 0.0964647560575147,
      "20-29": 0.12013546056661978,
      "30-39": 0.14087582334618426,
      "40-49": 0.13479387083572222,
      "50-59": 0.15259164409491252,
      "60-69": 0.11293803472872646,
      "70-79": 0.08688929452955889,
      "80+": 0.053059971885542775,
    },
    "frac": Object {
      "critical": Array [
        0.000025,
        0.00015000000000000001,
        0.00030000000000000003,
        0.0006749999999999999,
        0.0024000000000000002,
        0.00625,
        0.02625,
        0.063,
        0.1375,
      ],
      "fatal": Array [
        0.0000075,
        0.000045,
        0.00009,
        0.00020249999999999996,
        0.00072,
        0.0025000000000000005,
        0.0105,
        0.0315,
        0.06875,
      ],
      "isolated": Array [
        0,
        0,
        0,
        0,
        0,
        0,
        0,
        0,
        0,
      ],
      "severe": Array [
        0.0005,
        0.0015,
        0.003,
        0.0045,
        0.012,
        0.025,
        0.075,
        0.13999999999999999,
        0.25,
      ],
    },
    "hospitalBeds": 698,
    "importsPerDay": Array [
      0.011111111111111112,
      0.011111111111111112,
      0.011111111111111112,
      0.011111111111111112,
      0.011111111111111112,
      0.011111111111111112,
      0.011111111111111112,
      0.011111111111111112,
      0.011111111111111112,
    ],
    "numberStochasticRuns": 0,
    "populationServed": 195000,
    "rate": Object {
      "critical": Array [
        0.0125,
        0.025,
        0.025,
        0.0375,
        0.05,
        0.0625,
        0.0875,
        0.1125,
        0.1375,
      ],
      "discharge": Array [
        0.2375,
        0.225,
        0.225,
        0.2125,
        0.2,
        0.1875,
        0.1625,
        0.1375,
        0.11249999999999999,
      ],
      "fatality": Array [
        0.02142857142857143,
        0.02142857142857143,
        0.02142857142857143,
        0.02142857142857143,
        0.02142857142857143,
        0.028571428571428574,
        0.028571428571428574,
        0.03571428571428571,
        0.03571428571428571,
      ],
      "infection": [Function],
      "latency": 0.2,
      "overflowFatality": Array [
        0.04285714285714286,
        0.04285714285714286,
        0.04285714285714286,
        0.04285714285714286,
        0.04285714285714286,
        0.05714285714285715,
        0.05714285714285715,
        0.07142857142857142,
        0.07142857142857142,
      ],
      "recovery": Array [
        0.33316666666666667,
        0.33283333333333337,
        0.3323333333333333,
        0.33183333333333337,
        0.3293333333333333,
        0.325,
        0.30833333333333335,
        0.2866666666666667,
        0.25,
      ],
      "severe": Array [
        0.00016666666666666666,
        0.0005,
        0.001,
        0.0014999999999999998,
        0.004,
        0.008333333333333333,
        0.024999999999999998,
        0.04666666666666666,
        0.08333333333333333,
      ],
      "stabilize": Array [
        0.049999999999999996,
        0.049999999999999996,
        0.049999999999999996,
        0.049999999999999996,
        0.049999999999999996,
        0.04285714285714286,
        0.04285714285714286,
        0.03571428571428571,
        0.03571428571428571,
      ],
    },
    "timeDelta": 0,
    "timeDeltaDays": 0,
  },
]
`;

exports[`model initializePopulation produces the expected output in the default scenario 1`] = `
Object {
  "critical": Array [
    0,
    0,
    0,
    0,
    0,
    0,
    0,
    0,
    0,
  ],
  "exposed": Array [
    Array [
      0,
      0,
      0,
    ],
    Array [
      0,
      0,
      0,
    ],
    Array [
      0,
      0,
      0,
    ],
    Array [
      0,
      0,
      0,
    ],
    Array [
      0,
      0,
      0,
    ],
    Array [
      49.699999999999996,
      49.699999999999996,
      49.699999999999996,
    ],
    Array [
      0,
      0,
      0,
    ],
    Array [
      0,
      0,
      0,
    ],
    Array [
      0,
      0,
      0,
    ],
  ],
  "infectious": Array [
    0,
    0,
    0,
    0,
    0,
    63.9,
    0,
    0,
    0,
  ],
  "overflow": Array [
    0,
    0,
    0,
    0,
    0,
    0,
    0,
    0,
    0,
  ],
  "severe": Array [
    0,
    0,
    0,
    0,
    0,
    0,
    0,
    0,
    0,
  ],
  "susceptible": Array [
    19939,
    18811,
    23426,
    27471,
    26285,
    29542,
    22023,
    16943,
    10347,
  ],
}
`;
