// Jest Snapshot v1, https://goo.gl/fbAQLP

exports[`extension-test matches snapshot array 1`] = `WDm0yHa+8z/WxW00gDcaQBkEVg4tsvM/ntLB+v8/j0A=`;
